<?xml version="1.0" encoding="UTF-8"?>
<testsuites name="GutTests" failures="0" tests="0" >
  </testsuites>